<html>
<body>
<pre>
<h1>µVision Build Log</h1>
<h2>Project:</h2>
C:\Users\admin\×ÀÃæ\ê«ºìÎ°\stm32\mdk\Project\STM32_Project.uvproj
Project File Date:  04/21/2017

<h2>Output:</h2>
Build target 'Template'
compiling 12864s.c...
linking...
.\STM32_Project.axf: Error: L6218E: Undefined symbol LcdPrintInt (referred from main.o).
".\STM32_Project.axf" - 1 Errors, 0 Warning(s).
Target not created
Build target 'Template'
linking...
.\STM32_Project.axf: Error: L6218E: Undefined symbol LcdPrintInt (referred from main.o).
".\STM32_Project.axf" - 1 Errors, 0 Warning(s).
Target not created
Build target 'Template'
compiling 12864s.c...
linking...
Program Size: Code=12424 RO-data=268 RW-data=228 ZI-data=1196  
".\STM32_Project.axf" - 0 Errors, 0 Warning(s).
Load "C:\\Users\\admin\\×ÀÃæ\\ê«ºìÎ°\\stm32\\mdk\\Project\\STM32_Project.axf" 
Erase Done.
Programming Done.
Verify OK.
Application running ...
Build target 'Template'
linking...
Program Size: Code=12424 RO-data=268 RW-data=228 ZI-data=1196  
".\STM32_Project.axf" - 0 Errors, 0 Warning(s).
Load "C:\\Users\\admin\\×ÀÃæ\\ê«ºìÎ°\\stm32\\mdk\\Project\\STM32_Project.axf" 
Erase Done.
Programming Done.
Verify OK.
Application running ...
Build target 'Template'
compiling 12864s.c...
linking...
Program Size: Code=12424 RO-data=268 RW-data=228 ZI-data=1196  
".\STM32_Project.axf" - 0 Errors, 0 Warning(s).
Load "C:\\Users\\admin\\×ÀÃæ\\ê«ºìÎ°\\stm32\\mdk\\Project\\STM32_Project.axf" 
Erase Done.
Programming Done.
Verify OK.
Application running ...
Build target 'Template'
compiling 12864s.c...
linking...
Program Size: Code=12424 RO-data=268 RW-data=228 ZI-data=1196  
".\STM32_Project.axf" - 0 Errors, 0 Warning(s).
Rebuild target 'Template'
assembling startup_stm32f10x_md.s...
compiling core_cm3.c...
compiling system_stm32f10x.c...
compiling misc.c...
compiling stm32f10x_gpio.c...
compiling stm32f10x_rcc.c...
compiling stm32f10x_usart.c...
compiling stm32f10x_spi.c...
compiling stm32f10x_tim.c...
compiling stm32f10x_exti.c...
compiling USART.c...
compiling delay.c...
compiling DS1302.c...
compiling 12864s.c...
compiling bsp_key.c...
compiling IIC.c...
compiling bh1750.c...
compiling key.c...
..\Driver\key.c(10): warning:  #177-D: variable "EXTI_InitStructure" was declared but never referenced
..\Driver\key.c(11): warning:  #177-D: variable "NVIC_InitStructure" was declared but never referenced
compiling main.c...
compiling LED.c...
compiling menu.c...
compiling DisTimer.c...
compiling stm32f10x_it.c...
linking...
Program Size: Code=12424 RO-data=268 RW-data=228 ZI-data=1196  
".\STM32_Project.axf" - 0 Errors, 2 Warning(s).
Build target 'Template'
linking...
Program Size: Code=12424 RO-data=268 RW-data=228 ZI-data=1196  
".\STM32_Project.axf" - 0 Errors, 0 Warning(s).
Load "C:\\Users\\admin\\×ÀÃæ\\ê«ºìÎ°\\stm32\\mdk\\Project\\STM32_Project.axf" 
Erase Done.
Programming Done.
Verify OK.
Application running ...
Build target 'Template'
compiling bh1750.c...
compiling main.c...
linking...
Program Size: Code=12424 RO-data=268 RW-data=228 ZI-data=1196  
".\STM32_Project.axf" - 0 Errors, 0 Warning(s).
Load "C:\\Users\\admin\\×ÀÃæ\\ê«ºìÎ°\\stm32\\mdk\\Project\\STM32_Project.axf" 
Erase Done.
Programming Done.
Verify OK.
Application running ...
Build target 'Template'
compiling main.c...
linking...
Program Size: Code=12428 RO-data=268 RW-data=228 ZI-data=1196  
".\STM32_Project.axf" - 0 Errors, 0 Warning(s).
Rebuild target 'Template'
assembling startup_stm32f10x_md.s...
compiling core_cm3.c...
compiling system_stm32f10x.c...
compiling misc.c...
compiling stm32f10x_gpio.c...
compiling stm32f10x_rcc.c...
compiling stm32f10x_usart.c...
compiling stm32f10x_spi.c...
compiling stm32f10x_tim.c...
compiling stm32f10x_exti.c...
compiling USART.c...
compiling delay.c...
compiling DS1302.c...
compiling 12864s.c...
compiling bsp_key.c...
compiling IIC.c...
compiling bh1750.c...
compiling key.c...
..\Driver\key.c(10): warning:  #177-D: variable "EXTI_InitStructure" was declared but never referenced
..\Driver\key.c(11): warning:  #177-D: variable "NVIC_InitStructure" was declared but never referenced
compiling main.c...
compiling LED.c...
compiling menu.c...
compiling DisTimer.c...
compiling stm32f10x_it.c...
linking...
Program Size: Code=12428 RO-data=268 RW-data=228 ZI-data=1196  
".\STM32_Project.axf" - 0 Errors, 2 Warning(s).
Load "C:\\Users\\admin\\×ÀÃæ\\ê«ºìÎ°\\stm32\\mdk\\Project\\STM32_Project.axf" 
Erase Done.
Programming Done.
Verify OK.
Application running ...
Build target 'Template'
compiling 12864s.c...
linking...
Program Size: Code=12436 RO-data=268 RW-data=228 ZI-data=1196  
".\STM32_Project.axf" - 0 Errors, 0 Warning(s).
Load "C:\\Users\\admin\\×ÀÃæ\\ê«ºìÎ°\\stm32\\mdk\\Project\\STM32_Project.axf" 
Erase Done.
Programming Done.
Verify OK.
Application running ...
Build target 'Template'
compiling 12864s.c...
linking...
Program Size: Code=12436 RO-data=268 RW-data=228 ZI-data=1196  
".\STM32_Project.axf" - 0 Errors, 0 Warning(s).
Load "C:\\Users\\admin\\×ÀÃæ\\ê«ºìÎ°\\stm32\\mdk\\Project\\STM32_Project.axf" 
Erase Done.
Programming Done.
Verify OK.
Application running ...
Build target 'Template'
compiling 12864s.c...
linking...
Program Size: Code=12428 RO-data=268 RW-data=228 ZI-data=1196  
".\STM32_Project.axf" - 0 Errors, 0 Warning(s).
Load "C:\\Users\\admin\\×ÀÃæ\\ê«ºìÎ°\\stm32\\mdk\\Project\\STM32_Project.axf" 
Erase Done.
Programming Done.
Verify OK.
Application running ...
Build target 'Template'
compiling 12864s.c...
linking...
Program Size: Code=12436 RO-data=268 RW-data=228 ZI-data=1196  
".\STM32_Project.axf" - 0 Errors, 0 Warning(s).
Load "C:\\Users\\admin\\×ÀÃæ\\ê«ºìÎ°\\stm32\\mdk\\Project\\STM32_Project.axf" 
Erase Done.
Programming Done.
Verify OK.
Application running ...
Build target 'Template'
compiling main.c...
linking...
Program Size: Code=12436 RO-data=268 RW-data=228 ZI-data=1196  
".\STM32_Project.axf" - 0 Errors, 0 Warning(s).
Load "C:\\Users\\admin\\×ÀÃæ\\ê«ºìÎ°\\stm32\\mdk\\Project\\STM32_Project.axf" 
Erase Done.
Programming Done.
Verify OK.
Application running ...
Build target 'Template'
compiling main.c...
linking...
Program Size: Code=12436 RO-data=268 RW-data=228 ZI-data=1196  
".\STM32_Project.axf" - 0 Errors, 0 Warning(s).
Load "C:\\Users\\admin\\×ÀÃæ\\ê«ºìÎ°\\stm32\\mdk\\Project\\STM32_Project.axf" 
Erase Done.
Programming Done.
Verify OK.
Application running ...
Build target 'Template'
compiling 12864s.c...
linking...
Program Size: Code=12436 RO-data=268 RW-data=228 ZI-data=1196  
".\STM32_Project.axf" - 0 Errors, 0 Warning(s).
Load "C:\\Users\\admin\\×ÀÃæ\\ê«ºìÎ°\\stm32\\mdk\\Project\\STM32_Project.axf" 
Erase Done.
Programming Done.
Verify OK.
Application running ...
Build target 'Template'
compiling main.c...
linking...
Program Size: Code=12444 RO-data=268 RW-data=228 ZI-data=1196  
".\STM32_Project.axf" - 0 Errors, 0 Warning(s).
Load "C:\\Users\\admin\\×ÀÃæ\\ê«ºìÎ°\\stm32\\mdk\\Project\\STM32_Project.axf" 
Erase Done.
Programming Done.
Verify OK.
Application running ...
Build target 'Template'
compiling 12864s.c...
..\Driver\12864s.c(143): warning:  #223-D: function "printf" declared implicitly
linking...
Program Size: Code=12456 RO-data=268 RW-data=228 ZI-data=1196  
".\STM32_Project.axf" - 0 Errors, 1 Warning(s).
Load "C:\\Users\\admin\\×ÀÃæ\\ê«ºìÎ°\\stm32\\mdk\\Project\\STM32_Project.axf" 
Erase Done.
Programming Done.
Verify OK.
Application running ...
Build target 'Template'
compiling main.c...
linking...
Program Size: Code=12456 RO-data=268 RW-data=228 ZI-data=1196  
".\STM32_Project.axf" - 0 Errors, 0 Warning(s).
Load "C:\\Users\\admin\\×ÀÃæ\\ê«ºìÎ°\\stm32\\mdk\\Project\\STM32_Project.axf" 
Erase Done.
Programming Done.
Verify OK.
Application running ...
Build target 'Template'
compiling 12864s.c...
..\Driver\12864s.c(143): warning:  #223-D: function "printf" declared implicitly
linking...
Program Size: Code=12440 RO-data=268 RW-data=228 ZI-data=1196  
".\STM32_Project.axf" - 0 Errors, 1 Warning(s).
Load "C:\\Users\\admin\\×ÀÃæ\\ê«ºìÎ°\\stm32\\mdk\\Project\\STM32_Project.axf" 
Erase Done.
Programming Done.
Verify OK.
Application running ...
Build target 'Template'
compiling 12864s.c...
..\Driver\12864s.c(143): warning:  #223-D: function "printf" declared implicitly
linking...
Program Size: Code=12440 RO-data=268 RW-data=228 ZI-data=1196  
".\STM32_Project.axf" - 0 Errors, 1 Warning(s).
Load "C:\\Users\\admin\\×ÀÃæ\\ê«ºìÎ°\\stm32\\mdk\\Project\\STM32_Project.axf" 
Erase Done.
Programming Done.
Verify OK.
Application running ...
Build target 'Template'
compiling 12864s.c...
..\Driver\12864s.c(143): warning:  #223-D: function "printf" declared implicitly
linking...
Program Size: Code=12460 RO-data=268 RW-data=228 ZI-data=1196  
".\STM32_Project.axf" - 0 Errors, 1 Warning(s).
Load "C:\\Users\\admin\\×ÀÃæ\\ê«ºìÎ°\\stm32\\mdk\\Project\\STM32_Project.axf" 
Erase Done.
Programming Done.
Verify OK.
Application running ...
Build target 'Template'
linking...
Program Size: Code=12460 RO-data=268 RW-data=228 ZI-data=1196  
".\STM32_Project.axf" - 0 Errors, 0 Warning(s).
Build target 'Template'
compiling 12864s.c...
..\Driver\12864s.c(143): warning:  #223-D: function "printf" declared implicitly
..\Driver\12864s.c(118): warning:  #550-D: variable "flag" was set but never used
linking...
Program Size: Code=12428 RO-data=268 RW-data=228 ZI-data=1196  
".\STM32_Project.axf" - 0 Errors, 2 Warning(s).
Load "C:\\Users\\admin\\×ÀÃæ\\ê«ºìÎ°\\stm32\\mdk\\Project\\STM32_Project.axf" 
Erase Done.
Programming Done.
Verify OK.
Application running ...
Build target 'Template'
compiling 12864s.c...
..\Driver\12864s.c(143): warning:  #223-D: function "printf" declared implicitly
..\Driver\12864s.c(118): warning:  #550-D: variable "flag" was set but never used
linking...
Program Size: Code=12428 RO-data=268 RW-data=228 ZI-data=1196  
".\STM32_Project.axf" - 0 Errors, 2 Warning(s).
Load "C:\\Users\\admin\\×ÀÃæ\\ê«ºìÎ°\\stm32\\mdk\\Project\\STM32_Project.axf" 
Erase Done.
Programming Done.
Verify OK.
Application running ...
Build target 'Template'
compiling main.c...
linking...
Program Size: Code=12428 RO-data=268 RW-data=228 ZI-data=1196  
".\STM32_Project.axf" - 0 Errors, 0 Warning(s).
Load "C:\\Users\\admin\\×ÀÃæ\\ê«ºìÎ°\\stm32\\mdk\\Project\\STM32_Project.axf" 
Erase Done.
Programming Done.
Verify OK.
Application running ...
Build target 'Template'
compiling 12864s.c...
..\Driver\12864s.c(143): warning:  #223-D: function "printf" declared implicitly
..\Driver\12864s.c(118): warning:  #550-D: variable "flag" was set but never used
linking...
Program Size: Code=12444 RO-data=268 RW-data=228 ZI-data=1196  
".\STM32_Project.axf" - 0 Errors, 2 Warning(s).
Load "C:\\Users\\admin\\×ÀÃæ\\ê«ºìÎ°\\stm32\\mdk\\Project\\STM32_Project.axf" 
Erase Done.
Programming Done.
Verify OK.
Application running ...
Build target 'Template'
compiling 12864s.c...
..\Driver\12864s.c(143): warning:  #223-D: function "printf" declared implicitly
..\Driver\12864s.c(118): warning:  #550-D: variable "flag" was set but never used
linking...
Program Size: Code=12444 RO-data=268 RW-data=228 ZI-data=1196  
".\STM32_Project.axf" - 0 Errors, 2 Warning(s).
Load "C:\\Users\\admin\\×ÀÃæ\\ê«ºìÎ°\\stm32\\mdk\\Project\\STM32_Project.axf" 
Erase Done.
Programming Done.
Verify OK.
Application running ...
Build target 'Template'
compiling 12864s.c...
..\Driver\12864s.c(143): warning:  #223-D: function "printf" declared implicitly
..\Driver\12864s.c(118): warning:  #550-D: variable "flag" was set but never used
linking...
Program Size: Code=12444 RO-data=268 RW-data=228 ZI-data=1196  
".\STM32_Project.axf" - 0 Errors, 2 Warning(s).
Build target 'Template'
linking...
Program Size: Code=12444 RO-data=268 RW-data=228 ZI-data=1196  
".\STM32_Project.axf" - 0 Errors, 0 Warning(s).
Load "C:\\Users\\admin\\×ÀÃæ\\ê«ºìÎ°\\stm32\\mdk\\Project\\STM32_Project.axf" 
Erase Done.
Programming Done.
Verify OK.
Application running ...
Build target 'Template'
compiling main.c...
linking...
Program Size: Code=12444 RO-data=268 RW-data=228 ZI-data=1196  
".\STM32_Project.axf" - 0 Errors, 0 Warning(s).
Load "C:\\Users\\admin\\×ÀÃæ\\ê«ºìÎ°\\stm32\\mdk\\Project\\STM32_Project.axf" 
Erase Done.
Programming Done.
Verify OK.
Application running ...
Build target 'Template'
compiling 12864s.c...
..\Driver\12864s.c(143): warning:  #223-D: function "printf" declared implicitly
..\Driver\12864s.c(118): warning:  #550-D: variable "flag" was set but never used
linking...
Program Size: Code=12444 RO-data=268 RW-data=228 ZI-data=1196  
".\STM32_Project.axf" - 0 Errors, 2 Warning(s).
Load "C:\\Users\\admin\\×ÀÃæ\\ê«ºìÎ°\\stm32\\mdk\\Project\\STM32_Project.axf" 
Erase Done.
Programming Done.
Verify OK.
Application running ...
Build target 'Template'
compiling 12864s.c...
..\Driver\12864s.c(143): warning:  #223-D: function "printf" declared implicitly
linking...
Program Size: Code=12476 RO-data=268 RW-data=228 ZI-data=1196  
".\STM32_Project.axf" - 0 Errors, 1 Warning(s).
Load "C:\\Users\\admin\\×ÀÃæ\\ê«ºìÎ°\\stm32\\mdk\\Project\\STM32_Project.axf" 
Erase Done.
Programming Done.
Verify OK.
Application running ...
Build target 'Template'
compiling 12864s.c...
..\Driver\12864s.c(143): warning:  #223-D: function "printf" declared implicitly
linking...
Program Size: Code=12476 RO-data=268 RW-data=228 ZI-data=1196  
".\STM32_Project.axf" - 0 Errors, 1 Warning(s).
Load "C:\\Users\\admin\\×ÀÃæ\\ê«ºìÎ°\\stm32\\mdk\\Project\\STM32_Project.axf" 
Erase Done.
Programming Done.
Verify OK.
Application running ...
Build target 'Template'
compiling 12864s.c...
..\Driver\12864s.c(143): warning:  #223-D: function "printf" declared implicitly
linking...
Program Size: Code=12476 RO-data=268 RW-data=228 ZI-data=1196  
".\STM32_Project.axf" - 0 Errors, 1 Warning(s).
Load "C:\\Users\\admin\\×ÀÃæ\\ê«ºìÎ°\\stm32\\mdk\\Project\\STM32_Project.axf" 
Erase Done.
Programming Done.
Verify OK.
Application running ...
Build target 'Template'
linking...
Program Size: Code=12476 RO-data=268 RW-data=228 ZI-data=1196  
".\STM32_Project.axf" - 0 Errors, 0 Warning(s).
Load "C:\\Users\\admin\\×ÀÃæ\\ê«ºìÎ°\\stm32\\mdk\\Project\\STM32_Project.axf" 
Erase Done.
Programming Done.
Verify OK.
Application running ...
Build target 'Template'
compiling 12864s.c...
..\Driver\12864s.c(144): warning:  #223-D: function "printf" declared implicitly
linking...
Program Size: Code=12496 RO-data=268 RW-data=228 ZI-data=1196  
".\STM32_Project.axf" - 0 Errors, 1 Warning(s).
Load "C:\\Users\\admin\\×ÀÃæ\\ê«ºìÎ°\\stm32\\mdk\\Project\\STM32_Project.axf" 
Erase Done.
Programming Done.
Verify OK.
Application running ...
Build target 'Template'
compiling main.c...
..\User\main.c(21): warning:  #177-D: variable "i" was declared but never referenced
linking...
Program Size: Code=12492 RO-data=268 RW-data=228 ZI-data=1196  
".\STM32_Project.axf" - 0 Errors, 1 Warning(s).
Load "C:\\Users\\admin\\×ÀÃæ\\ê«ºìÎ°\\stm32\\mdk\\Project\\STM32_Project.axf" 
Erase Done.
Programming Done.
Verify OK.
Application running ...
Build target 'Template'
compiling main.c...
linking...
Program Size: Code=12496 RO-data=268 RW-data=228 ZI-data=1196  
".\STM32_Project.axf" - 0 Errors, 0 Warning(s).
Load "C:\\Users\\admin\\×ÀÃæ\\ê«ºìÎ°\\stm32\\mdk\\Project\\STM32_Project.axf" 
Erase Done.
Programming Done.
Verify OK.
Application running ...
Build target 'Template'
compiling 12864s.c...
linking...
Program Size: Code=12480 RO-data=268 RW-data=228 ZI-data=1196  
".\STM32_Project.axf" - 0 Errors, 0 Warning(s).
Load "C:\\Users\\admin\\×ÀÃæ\\ê«ºìÎ°\\stm32\\mdk\\Project\\STM32_Project.axf" 
Erase Done.
Programming Done.
Verify OK.
Application running ...
Build target 'Template'
compiling main.c...
..\User\main.c(21): warning:  #177-D: variable "i" was declared but never referenced
linking...
Program Size: Code=12480 RO-data=268 RW-data=228 ZI-data=1196  
".\STM32_Project.axf" - 0 Errors, 1 Warning(s).
Load "C:\\Users\\admin\\×ÀÃæ\\ê«ºìÎ°\\stm32\\mdk\\Project\\STM32_Project.axf" 
Erase Done.
Programming Done.
Verify OK.
Application running ...
Build target 'Template'
compiling main.c...
..\User\main.c(21): warning:  #177-D: variable "i" was declared but never referenced
linking...
Program Size: Code=12468 RO-data=268 RW-data=228 ZI-data=1196  
".\STM32_Project.axf" - 0 Errors, 1 Warning(s).
Load "C:\\Users\\admin\\×ÀÃæ\\ê«ºìÎ°\\stm32\\mdk\\Project\\STM32_Project.axf" 
Erase Done.
Programming Done.
Verify OK.
Application running ...
compiling main.c...
..\User\main.c(21): warning:  #177-D: variable "i" was declared but never referenced
"..\User\main.c" - 0 Errors, 1 Warning(s).
Build target 'Template'
compiling main.c...
linking...
Program Size: Code=12464 RO-data=268 RW-data=228 ZI-data=1196  
".\STM32_Project.axf" - 0 Errors, 0 Warning(s).
Build target 'Template'
compiling DS18B20.c...
..\Driver\DS18B20.c(200): warning:  #1-D: last line of file ends without a newline
linking...
.\STM32_Project.axf: Error: L6200E: Symbol DelayUs multiply defined (by ds18b20.o and delay.o).
".\STM32_Project.axf" - 1 Errors, 1 Warning(s).
Target not created
Build target 'Template'
compiling DS18B20.c...
linking...
Program Size: Code=12464 RO-data=268 RW-data=228 ZI-data=1196  
".\STM32_Project.axf" - 0 Errors, 0 Warning(s).
compiling DS18B20.c...
"..\Driver\DS18B20.c" - 0 Errors, 0 Warning(s).
Build target 'Template'
linking...
Program Size: Code=12464 RO-data=268 RW-data=228 ZI-data=1196  
".\STM32_Project.axf" - 0 Errors, 0 Warning(s).
Build target 'Template'
compiling main.c...
linking...
Program Size: Code=13060 RO-data=268 RW-data=244 ZI-data=1196  
".\STM32_Project.axf" - 0 Errors, 0 Warning(s).
Load "C:\\Users\\admin\\×ÀÃæ\\ê«ºìÎ°\\stm32\\mdk\\Project\\STM32_Project.axf" 
Erase Done.
Programming Done.
Verify OK.
Application running ...
Build target 'Template'
linking...
Program Size: Code=13060 RO-data=268 RW-data=244 ZI-data=1196  
".\STM32_Project.axf" - 0 Errors, 0 Warning(s).
Build target 'Template'
linking...
Program Size: Code=13060 RO-data=268 RW-data=244 ZI-data=1196  
".\STM32_Project.axf" - 0 Errors, 0 Warning(s).
Build target 'Template'
compiling DS18B20.c...
compiling main.c...
linking...
Program Size: Code=13092 RO-data=268 RW-data=244 ZI-data=1196  
".\STM32_Project.axf" - 0 Errors, 0 Warning(s).
Load "C:\\Users\\admin\\×ÀÃæ\\ê«ºìÎ°\\stm32\\mdk\\Project\\STM32_Project.axf" 
Erase Done.
Programming Done.
Verify OK.
Application running ...
Build target 'Template'
compiling DS18B20.c...
linking...
Program Size: Code=13092 RO-data=268 RW-data=244 ZI-data=1196  
".\STM32_Project.axf" - 0 Errors, 0 Warning(s).
Load "C:\\Users\\admin\\×ÀÃæ\\ê«ºìÎ°\\stm32\\mdk\\Project\\STM32_Project.axf" 
Erase Done.
Programming Done.
Verify OK.
Application running ...
Build target 'Template'
linking...
Program Size: Code=13092 RO-data=268 RW-data=244 ZI-data=1196  
".\STM32_Project.axf" - 0 Errors, 0 Warning(s).
Build target 'Template'
compiling DS18B20.c...
linking...
Program Size: Code=13080 RO-data=268 RW-data=244 ZI-data=1196  
".\STM32_Project.axf" - 0 Errors, 0 Warning(s).
Load "C:\\Users\\admin\\×ÀÃæ\\ê«ºìÎ°\\stm32\\mdk\\Project\\STM32_Project.axf" 
Erase Done.
Programming Done.
Verify OK.
Application running ...
Build target 'Template'
compiling DS18B20.c...
linking...
Program Size: Code=13068 RO-data=268 RW-data=244 ZI-data=1196  
".\STM32_Project.axf" - 0 Errors, 0 Warning(s).
Load "C:\\Users\\admin\\×ÀÃæ\\ê«ºìÎ°\\stm32\\mdk\\Project\\STM32_Project.axf" 
Erase Done.
Programming Done.
Verify OK.
Application running ...
Build target 'Template'
compiling DS18B20.c...
linking...
Program Size: Code=13076 RO-data=268 RW-data=244 ZI-data=1196  
".\STM32_Project.axf" - 0 Errors, 0 Warning(s).
Load "C:\\Users\\admin\\×ÀÃæ\\ê«ºìÎ°\\stm32\\mdk\\Project\\STM32_Project.axf" 
Erase Done.
Programming Done.
Verify OK.
Application running ...
Build target 'Template'
compiling DS18B20.c...
linking...
Program Size: Code=13076 RO-data=268 RW-data=244 ZI-data=1196  
".\STM32_Project.axf" - 0 Errors, 0 Warning(s).
Load "C:\\Users\\admin\\×ÀÃæ\\ê«ºìÎ°\\stm32\\mdk\\Project\\STM32_Project.axf" 
Erase Done.
Programming Done.
Verify OK.
Application running ...
Build target 'Template'
compiling DS18B20.c...
linking...
Program Size: Code=13092 RO-data=268 RW-data=244 ZI-data=1196  
".\STM32_Project.axf" - 0 Errors, 0 Warning(s).
Load "C:\\Users\\admin\\×ÀÃæ\\ê«ºìÎ°\\stm32\\mdk\\Project\\STM32_Project.axf" 
Erase Done.
Programming Done.
Verify OK.
Application running ...
compiling DS18B20.c...
"..\Driver\DS18B20.c" - 0 Errors, 0 Warning(s).
Build target 'Template'
linking...
Program Size: Code=13088 RO-data=268 RW-data=244 ZI-data=1196  
".\STM32_Project.axf" - 0 Errors, 0 Warning(s).
Load "C:\\Users\\admin\\×ÀÃæ\\ê«ºìÎ°\\stm32\\mdk\\Project\\STM32_Project.axf" 
Erase Done.
Programming Done.
Verify OK.
Application running ...
Build target 'Template'
compiling DS18B20.c...
linking...
Program Size: Code=13092 RO-data=268 RW-data=244 ZI-data=1196  
".\STM32_Project.axf" - 0 Errors, 0 Warning(s).
Build target 'Template'
linking...
Program Size: Code=13092 RO-data=268 RW-data=244 ZI-data=1196  
".\STM32_Project.axf" - 0 Errors, 0 Warning(s).
Load "C:\\Users\\admin\\×ÀÃæ\\ê«ºìÎ°\\stm32\\mdk\\Project\\STM32_Project.axf" 
Erase Done.
Programming Done.
Verify OK.
Application running ...
Build target 'Template'
compiling DS18B20.c...
linking...
Program Size: Code=13092 RO-data=268 RW-data=244 ZI-data=1196  
".\STM32_Project.axf" - 0 Errors, 0 Warning(s).
Load "C:\\Users\\admin\\×ÀÃæ\\ê«ºìÎ°\\stm32\\mdk\\Project\\STM32_Project.axf" 
Erase Done.
Programming Done.
Verify OK.
Application running ...
Build target 'Template'
compiling delay.c...
compiling DS1302.c...
compiling 12864s.c...
compiling IIC.c...
compiling bh1750.c...
compiling key.c...
..\Driver\key.c(10): warning:  #177-D: variable "EXTI_InitStructure" was declared but never referenced
..\Driver\key.c(11): warning:  #177-D: variable "NVIC_InitStructure" was declared but never referenced
compiling DS18B20.c...
compiling main.c...
compiling DisTimer.c...
linking...
Program Size: Code=13092 RO-data=268 RW-data=244 ZI-data=1196  
".\STM32_Project.axf" - 0 Errors, 2 Warning(s).
Load "C:\\Users\\admin\\×ÀÃæ\\ê«ºìÎ°\\stm32\\mdk\\Project\\STM32_Project.axf" 
Erase Done.
Programming Done.
Verify OK.
Application running ...
Build target 'Template'
compiling delay.c...
compiling DS1302.c...
compiling 12864s.c...
compiling IIC.c...
compiling bh1750.c...
compiling key.c...
..\Driver\key.c(10): warning:  #177-D: variable "EXTI_InitStructure" was declared but never referenced
..\Driver\key.c(11): warning:  #177-D: variable "NVIC_InitStructure" was declared but never referenced
compiling DS18B20.c...
compiling main.c...
compiling DisTimer.c...
linking...
Program Size: Code=13092 RO-data=268 RW-data=244 ZI-data=1196  
".\STM32_Project.axf" - 0 Errors, 2 Warning(s).
Load "C:\\Users\\admin\\×ÀÃæ\\ê«ºìÎ°\\stm32\\mdk\\Project\\STM32_Project.axf" 
Erase Done.
Programming Done.
Verify OK.
Application running ...
compiling DS18B20.c...
"..\Driver\DS18B20.c" - 0 Errors, 0 Warning(s).
Build target 'Template'
linking...
Program Size: Code=13092 RO-data=268 RW-data=244 ZI-data=1196  
".\STM32_Project.axf" - 0 Errors, 0 Warning(s).
Load "C:\\Users\\admin\\×ÀÃæ\\ê«ºìÎ°\\stm32\\mdk\\Project\\STM32_Project.axf" 
Erase Done.
Programming Done.
Verify OK.
Application running ...
Build target 'Template'
compiling delay.c...
linking...
Program Size: Code=13104 RO-data=268 RW-data=244 ZI-data=1196  
".\STM32_Project.axf" - 0 Errors, 0 Warning(s).
Load "C:\\Users\\admin\\×ÀÃæ\\ê«ºìÎ°\\stm32\\mdk\\Project\\STM32_Project.axf" 
Erase Done.
Programming Done.
Verify OK.
Application running ...
Build target 'Template'
compiling delay.c...
linking...
Program Size: Code=13104 RO-data=268 RW-data=244 ZI-data=1196  
".\STM32_Project.axf" - 0 Errors, 0 Warning(s).
Load "C:\\Users\\admin\\×ÀÃæ\\ê«ºìÎ°\\stm32\\mdk\\Project\\STM32_Project.axf" 
Erase Done.
Programming Done.
Verify OK.
Application running ...
Build target 'Template'
compiling DS18B20.c...
linking...
Program Size: Code=13104 RO-data=268 RW-data=244 ZI-data=1196  
".\STM32_Project.axf" - 0 Errors, 0 Warning(s).
Load "C:\\Users\\admin\\×ÀÃæ\\ê«ºìÎ°\\stm32\\mdk\\Project\\STM32_Project.axf" 
Erase Done.
Programming Done.
Verify OK.
Application running ...
Build target 'Template'
compiling delay.c...
linking...
Program Size: Code=13104 RO-data=268 RW-data=244 ZI-data=1196  
".\STM32_Project.axf" - 0 Errors, 0 Warning(s).
Load "C:\\Users\\admin\\×ÀÃæ\\ê«ºìÎ°\\stm32\\mdk\\Project\\STM32_Project.axf" 
Erase Done.
Programming Done.
Verify OK.
Application running ...
Build target 'Template'
compiling DS18B20.c...
linking...
Program Size: Code=13120 RO-data=268 RW-data=244 ZI-data=1196  
".\STM32_Project.axf" - 0 Errors, 0 Warning(s).
Load "C:\\Users\\admin\\×ÀÃæ\\ê«ºìÎ°\\stm32\\mdk\\Project\\STM32_Project.axf" 
Erase Done.
Programming Done.
Verify OK.
Application running ...
Load "C:\\Users\\admin\\×ÀÃæ\\ê«ºìÎ°\\stm32\\mdk\\Project\\STM32_Project.axf" 
Erase Done.
Programming Done.
Verify OK.
Application running ...
Build target 'Template'
compiling main.c...
linking...
Program Size: Code=13124 RO-data=268 RW-data=244 ZI-data=1196  
".\STM32_Project.axf" - 0 Errors, 0 Warning(s).
Load "C:\\Users\\admin\\×ÀÃæ\\ê«ºìÎ°\\stm32\\mdk\\Project\\STM32_Project.axf" 
Erase Done.
Programming Done.
Verify OK.
Application running ...
Build target 'Template'
linking...
Program Size: Code=13124 RO-data=268 RW-data=244 ZI-data=1196  
".\STM32_Project.axf" - 0 Errors, 0 Warning(s).
