<html>
<body>
<pre>
<h1>µVision Build Log</h1>
<h2>Project:</h2>
C:\Users\admin\×ÀÃæ\ê«ºìÎ°\stm32\mdk\Project\STM32_Project.uvproj
Project File Date:  04/18/2017

<h2>Output:</h2>
Build target 'Template'
compiling DS1302.c...
linking...
Program Size: Code=5240 RO-data=336 RW-data=44 ZI-data=1028  
".\STM32_Project.axf" - 0 Errors, 0 Warning(s).
Build target 'Template'
linking...
Program Size: Code=5240 RO-data=336 RW-data=44 ZI-data=1028  
".\STM32_Project.axf" - 0 Errors, 0 Warning(s).
Load "C:\\Users\\admin\\×ÀÃæ\\ê«ºìÎ°\\stm32\\mdk\\Project\\STM32_Project.axf" 
Load "C:\\Users\\admin\\×ÀÃæ\\ê«ºìÎ°\\stm32\\mdk\\Project\\STM32_Project.axf" 
Load "C:\\Users\\admin\\×ÀÃæ\\ê«ºìÎ°\\stm32\\mdk\\Project\\STM32_Project.axf" 
Erase Done.
Programming Done.
Verify OK.
Application running ...
